// Jest Snapshot v1, https://goo.gl/fbAQLP

exports[`expect to render TaskForm component 1`] = `ShallowWrapper {}`;
