// Jest Snapshot v1, https://goo.gl/fbAQLP

exports[`expect to render List component expect to render List component 1`] = `ShallowWrapper {}`;
