// Jest Snapshot v1, https://goo.gl/fbAQLP

exports[`expect to render Directory component expect to render Directory component 1`] = `ShallowWrapper {}`;
