// Jest Snapshot v1, https://goo.gl/fbAQLP

exports[`expect to render NavBar component 1`] = `ShallowWrapper {}`;
